[2026-05-06T01:08:29.997Z] {"timestamp":1778029707684,"level":"DEBUG","args":["[Manus] Debug collector initialized (no rrweb, UI events only)"],"stack":null}
[2026-05-06T01:08:29.997Z] {"timestamp":1778029708138,"level":"DEBUG","args":["[vite] connected."],"stack":null}
[2026-05-06T01:08:57.813Z] {"timestamp":1778029735632,"level":"DEBUG","args":["[Manus] Debug collector initialized (no rrweb, UI events only)"],"stack":null}
[2026-05-06T01:08:57.813Z] {"timestamp":1778029736066,"level":"DEBUG","args":["[vite] connected."],"stack":null}
[2026-05-06T01:09:10.012Z] {"timestamp":1778029747088,"level":"DEBUG","args":["[Manus] Debug collector initialized (no rrweb, UI events only)"],"stack":null}
[2026-05-06T01:09:10.012Z] {"timestamp":1778029747543,"level":"DEBUG","args":["[vite] connected."],"stack":null}
[2026-05-06T01:09:21.354Z] {"timestamp":1778029759167,"level":"DEBUG","args":["[Manus] Debug collector initialized (no rrweb, UI events only)"],"stack":null}
[2026-05-06T01:09:21.354Z] {"timestamp":1778029759626,"level":"DEBUG","args":["[vite] connected."],"stack":null}
[2026-05-06T01:09:33.001Z] {"timestamp":1778029769883,"level":"DEBUG","args":["[Manus] Debug collector initialized (no rrweb, UI events only)"],"stack":null}
[2026-05-06T01:09:33.001Z] {"timestamp":1778029770328,"level":"DEBUG","args":["[vite] connected."],"stack":null}
[2026-05-06T01:09:43.999Z] {"timestamp":1778029781249,"level":"DEBUG","args":["[Manus] Debug collector initialized (no rrweb, UI events only)"],"stack":null}
[2026-05-06T01:09:43.999Z] {"timestamp":1778029781691,"level":"DEBUG","args":["[vite] connected."],"stack":null}
[2026-05-06T01:09:50.004Z] {"timestamp":1778029787800,"level":"DEBUG","args":["[Manus] Debug collector initialized (no rrweb, UI events only)"],"stack":null}
[2026-05-06T01:09:50.004Z] {"timestamp":1778029788249,"level":"DEBUG","args":["[vite] connected."],"stack":null}
[2026-05-06T01:10:18.012Z] {"timestamp":1778029817481,"level":"DEBUG","args":["[vite]","hot updated: /src/App.tsx"],"stack":null}
[2026-05-06T01:10:18.012Z] {"timestamp":1778029817481,"level":"DEBUG","args":["[vite]","hot updated: /src/index.css"],"stack":null}
[2026-05-06T01:10:21.520Z] {"timestamp":1778029819336,"level":"DEBUG","args":["[Manus] Debug collector initialized (no rrweb, UI events only)"],"stack":null}
[2026-05-06T01:10:21.520Z] {"timestamp":1778029819795,"level":"DEBUG","args":["[vite] connected."],"stack":null}
[2026-05-06T01:10:24.007Z] {"timestamp":1778029821801,"level":"DEBUG","args":["[Manus] Debug collector initialized (no rrweb, UI events only)"],"stack":null}
[2026-05-06T01:10:24.008Z] {"timestamp":1778029822254,"level":"DEBUG","args":["[vite] connected."],"stack":null}
[2026-05-06T01:10:33.554Z] {"timestamp":1778029831550,"level":"DEBUG","args":["[Manus] Debug collector initialized (no rrweb, UI events only)"],"stack":null}
[2026-05-06T01:10:33.554Z] {"timestamp":1778029831560,"level":"DEBUG","args":["[vite] connected."],"stack":null}
[2026-05-06T01:10:33.554Z] {"timestamp":1778029831737,"level":"INFO","args":["%cDownload the React DevTools for a better development experience: https://react.dev/link/react-devtools","font-weight:bold"],"stack":null}
[2026-05-06T01:11:43.992Z] {"timestamp":1778029902183,"level":"LOG","args":["Clicked:","stage2"],"stack":null}
[2026-05-06T01:11:43.992Z] {"timestamp":1778029903368,"level":"LOG","args":["Clicked:","stage2"],"stack":null}
[2026-05-06T01:11:45.991Z] {"timestamp":1778029904408,"level":"LOG","args":["Clicked:","stage1"],"stack":null}
[2026-05-06T01:11:45.991Z] {"timestamp":1778029904950,"level":"LOG","args":["Clicked:","stage1"],"stack":null}
[2026-05-06T01:11:47.989Z] {"timestamp":1778029906051,"level":"LOG","args":["Clicked:","stage1"],"stack":null}
[2026-05-06T01:11:47.989Z] {"timestamp":1778029906812,"level":"LOG","args":["Clicked:","stage1"],"stack":null}
[2026-05-06T01:11:47.989Z] {"timestamp":1778029907139,"level":"LOG","args":["Clicked:","stage1"],"stack":null}
[2026-05-06T01:11:49.989Z] {"timestamp":1778029907901,"level":"LOG","args":["Clicked:","stage1"],"stack":null}
[2026-05-06T01:28:32.135Z] {"timestamp":1778030909924,"level":"DEBUG","args":["[Manus] Debug collector initialized (no rrweb, UI events only)"],"stack":null}
[2026-05-06T01:28:32.135Z] {"timestamp":1778030910392,"level":"DEBUG","args":["[vite] connected."],"stack":null}
